16:53:09 **** Incremental Build of configuration Debug for project FW_Testbench ****
make -j16 all 
arm-none-eabi-gcc "../BSP/Src/motor_control.c" -mcpu=cortex-m4 -std=gnu11 -g3 -DDEBUG -DUSE_HAL_DRIVER -DSTM32F401xE -c -I../Core/Inc -I"C:/Users/Admin/Documents/GitHub/Heka/BRAs_Firmware/FW_Testbench/UART/Inc" -I"C:/Users/Admin/Documents/GitHub/Heka/BRAs_Firmware/FW_Testbench/Data_Structure/Inc" -I"C:/Users/Admin/Documents/GitHub/Heka/BRAs_Firmware/FW_Testbench/BSP/Inc" -I../Drivers/STM32F4xx_HAL_Driver/Inc -I../Drivers/STM32F4xx_HAL_Driver/Inc/Legacy -I../Drivers/CMSIS/Device/ST/STM32F4xx/Include -I../Drivers/CMSIS/Include -I../Middlewares/Third_Party/FreeRTOS/Source/include -I../Middlewares/Third_Party/FreeRTOS/Source/CMSIS_RTOS -I../Middlewares/Third_Party/FreeRTOS/Source/portable/GCC/ARM_CM4F -O0 -ffunction-sections -fdata-sections -Wall -fstack-usage -fcyclomatic-complexity -MMD -MP -MF"BSP/Src/motor_control.d" -MT"BSP/Src/motor_control.o" --specs=nano.specs -mfpu=fpv4-sp-d16 -mfloat-abi=hard -mthumb -o "BSP/Src/motor_control.o"
arm-none-eabi-gcc -o "FW_Testbench.elf" @"objects.list"   -mcpu=cortex-m4 -T"C:\Users\Admin\Documents\GitHub\Heka\BRAs_Firmware\FW_Testbench\STM32F401RETX_FLASH.ld" --specs=nosys.specs -Wl,-Map="FW_Testbench.map" -Wl,--gc-sections -static --specs=nano.specs -mfpu=fpv4-sp-d16 -mfloat-abi=hard -mthumb -Wl,--start-group -lc -lm -Wl,--end-group
Finished building target: FW_Testbench.elf
 
arm-none-eabi-size  FW_Testbench.elf 
arm-none-eabi-objdump -h -S FW_Testbench.elf  > "FW_Testbench.list"
   text	   data	    bss	    dec	    hex	filename
  25596	     36	  18396	  44028	   abfc	FW_Testbench.elf
Finished building: default.size.stdout
 
Finished building: FW_Testbench.list
 
16:53:15 **** Incremental Build of configuration Debug for project FW_Testbench ****
make -j16 all 
arm-none-eabi-size  FW_Testbench.elf 
   text	   data	    bss	    dec	    hex	filename
  25596	     36	  18396	  44028	   abfc	FW_Testbench.elf
Finished building: default.size.stdout
 
