Archive member included to satisfy reference by file (symbol)

C:/ST/STM32CubeIDE_1.13.2/STM32CubeIDE/plugins/com.st.stm32cube.ide.mcu.externaltools.gnu-tools-for-stm32.11.3.rel1.win32_1.1.1.202309131626/tools/bin/../lib/gcc/arm-none-eabi/11.3.1/../../../../arm-none-eabi/lib/thumb/v7e-m+fp/hard\libc_nano.a(libc_a-exit.o)
                              C:/ST/STM32CubeIDE_1.13.2/STM32CubeIDE/plugins/com.st.stm32cube.ide.mcu.externaltools.gnu-tools-for-stm32.11.3.rel1.win32_1.1.1.202309131626/tools/bin/../lib/gcc/arm-none-eabi/11.3.1/../../../../arm-none-eabi/lib/thumb/v7e-m+fp/hard/crt0.o (exit)
C:/ST/STM32CubeIDE_1.13.2/STM32CubeIDE/plugins/com.st.stm32cube.ide.mcu.externaltools.gnu-tools-for-stm32.11.3.rel1.win32_1.1.1.202309131626/tools/bin/../lib/gcc/arm-none-eabi/11.3.1/../../../../arm-none-eabi/lib/thumb/v7e-m+fp/hard\libc_nano.a(libc_a-findfp.o)
                              C:/ST/STM32CubeIDE_1.13.2/STM32CubeIDE/plugins/com.st.stm32cube.ide.mcu.externaltools.gnu-tools-for-stm32.11.3.rel1.win32_1.1.1.202309131626/tools/bin/../lib/gcc/arm-none-eabi/11.3.1/../../../../arm-none-eabi/lib/thumb/v7e-m+fp/hard\libc_nano.a(libc_a-exit.o) (__stdio_exit_handler)
C:/ST/STM32CubeIDE_1.13.2/STM32CubeIDE/plugins/com.st.stm32cube.ide.mcu.externaltools.gnu-tools-for-stm32.11.3.rel1.win32_1.1.1.202309131626/tools/bin/../lib/gcc/arm-none-eabi/11.3.1/../../../../arm-none-eabi/lib/thumb/v7e-m+fp/hard\libc_nano.a(libc_a-fwalk.o)
                              C:/ST/STM32CubeIDE_1.13.2/STM32CubeIDE/plugins/com.st.stm32cube.ide.mcu.externaltools.gnu-tools-for-stm32.11.3.rel1.win32_1.1.1.202309131626/tools/bin/../lib/gcc/arm-none-eabi/11.3.1/../../../../arm-none-eabi/lib/thumb/v7e-m+fp/hard\libc_nano.a(libc_a-findfp.o) (_fwalk_sglue)
C:/ST/STM32CubeIDE_1.13.2/STM32CubeIDE/plugins/com.st.stm32cube.ide.mcu.externaltools.gnu-tools-for-stm32.11.3.rel1.win32_1.1.1.202309131626/tools/bin/../lib/gcc/arm-none-eabi/11.3.1/../../../../arm-none-eabi/lib/thumb/v7e-m+fp/hard\libc_nano.a(libc_a-stdio.o)
                              C:/ST/STM32CubeIDE_1.13.2/STM32CubeIDE/plugins/com.st.stm32cube.ide.mcu.externaltools.gnu-tools-for-stm32.11.3.rel1.win32_1.1.1.202309131626/tools/bin/../lib/gcc/arm-none-eabi/11.3.1/../../../../arm-none-eabi/lib/thumb/v7e-m+fp/hard\libc_nano.a(libc_a-findfp.o) (__sread)
C:/ST/STM32CubeIDE_1.13.2/STM32CubeIDE/plugins/com.st.stm32cube.ide.mcu.externaltools.gnu-tools-for-stm32.11.3.rel1.win32_1.1.1.202309131626/tools/bin/../lib/gcc/arm-none-eabi/11.3.1/../../../../arm-none-eabi/lib/thumb/v7e-m+fp/hard\libc_nano.a(libc_a-memset.o)
                              C:/ST/STM32CubeIDE_1.13.2/STM32CubeIDE/plugins/com.st.stm32cube.ide.mcu.externaltools.gnu-tools-for-stm32.11.3.rel1.win32_1.1.1.202309131626/tools/bin/../lib/gcc/arm-none-eabi/11.3.1/../../../../arm-none-eabi/lib/thumb/v7e-m+fp/hard/crt0.o (memset)
C:/ST/STM32CubeIDE_1.13.2/STM32CubeIDE/plugins/com.st.stm32cube.ide.mcu.externaltools.gnu-tools-for-stm32.11.3.rel1.win32_1.1.1.202309131626/tools/bin/../lib/gcc/arm-none-eabi/11.3.1/../../../../arm-none-eabi/lib/thumb/v7e-m+fp/hard\libc_nano.a(libc_a-closer.o)
                              C:/ST/STM32CubeIDE_1.13.2/STM32CubeIDE/plugins/com.st.stm32cube.ide.mcu.externaltools.gnu-tools-for-stm32.11.3.rel1.win32_1.1.1.202309131626/tools/bin/../lib/gcc/arm-none-eabi/11.3.1/../../../../arm-none-eabi/lib/thumb/v7e-m+fp/hard\libc_nano.a(libc_a-stdio.o) (_close_r)
C:/ST/STM32CubeIDE_1.13.2/STM32CubeIDE/plugins/com.st.stm32cube.ide.mcu.externaltools.gnu-tools-for-stm32.11.3.rel1.win32_1.1.1.202309131626/tools/bin/../lib/gcc/arm-none-eabi/11.3.1/../../../../arm-none-eabi/lib/thumb/v7e-m+fp/hard\libc_nano.a(libc_a-reent.o)
                              C:/ST/STM32CubeIDE_1.13.2/STM32CubeIDE/plugins/com.st.stm32cube.ide.mcu.externaltools.gnu-tools-for-stm32.11.3.rel1.win32_1.1.1.202309131626/tools/bin/../lib/gcc/arm-none-eabi/11.3.1/../../../../arm-none-eabi/lib/thumb/v7e-m+fp/hard\libc_nano.a(libc_a-closer.o) (errno)
C:/ST/STM32CubeIDE_1.13.2/STM32CubeIDE/plugins/com.st.stm32cube.ide.mcu.externaltools.gnu-tools-for-stm32.11.3.rel1.win32_1.1.1.202309131626/tools/bin/../lib/gcc/arm-none-eabi/11.3.1/../../../../arm-none-eabi/lib/thumb/v7e-m+fp/hard\libc_nano.a(libc_a-impure.o)
                              C:/ST/STM32CubeIDE_1.13.2/STM32CubeIDE/plugins/com.st.stm32cube.ide.mcu.externaltools.gnu-tools-for-stm32.11.3.rel1.win32_1.1.1.202309131626/tools/bin/../lib/gcc/arm-none-eabi/11.3.1/../../../../arm-none-eabi/lib/thumb/v7e-m+fp/hard\libc_nano.a(libc_a-reent.o) (_impure_ptr)
C:/ST/STM32CubeIDE_1.13.2/STM32CubeIDE/plugins/com.st.stm32cube.ide.mcu.externaltools.gnu-tools-for-stm32.11.3.rel1.win32_1.1.1.202309131626/tools/bin/../lib/gcc/arm-none-eabi/11.3.1/../../../../arm-none-eabi/lib/thumb/v7e-m+fp/hard\libc_nano.a(libc_a-lseekr.o)
[...]
Memory Configuration

Name             Origin             Length             Attributes
RAM              0x0000000020000000 0x0000000000018000 xrw
FLASH            0x0000000008000000 0x0000000000080000 xr
*default*        0x0000000000000000 0xffffffffffffffff

Linker script and memory map

LOAD C:/ST/STM32CubeIDE_1.13.2/STM32CubeIDE/plugins/com.st.stm32cube.ide.mcu.externaltools.gnu-tools-for-stm32.11.3.rel1.win32_1.1.1.202309131626/tools/bin/../lib/gcc/arm-none-eabi/11.3.1/thumb/v7e-m+fp/hard/crti.o
LOAD C:/ST/STM32CubeIDE_1.13.2/STM32CubeIDE/plugins/com.st.stm32cube.ide.mcu.externaltools.gnu-tools-for-stm32.11.3.rel1.win32_1.1.1.202309131626/tools/bin/../lib/gcc/arm-none-eabi/11.3.1/thumb/v7e-m+fp/hard/crtbegin.o
LOAD C:/ST/STM32CubeIDE_1.13.2/STM32CubeIDE/plugins/com.st.stm32cube.ide.mcu.externaltools.gnu-tools-for-stm32.11.3.rel1.win32_1.1.1.202309131626/tools/bin/../lib/gcc/arm-none-eabi/11.3.1/../../../../arm-none-eabi/lib/thumb/v7e-m+fp/hard/crt0.o
LOAD ./Core/Src/gpio.o
LOAD ./Core/Src/i2c.o
LOAD ./Core/Src/main.o
LOAD ./Core/Src/stm32f4xx_hal_msp.o
LOAD ./Core/Src/stm32f4xx_it.o
LOAD ./Core/Src/syscalls.o
LOAD ./Core/Src/sysmem.o
LOAD ./Core/Src/system_stm32f4xx.o
LOAD ./Core/Src/usart.o
LOAD ./Core/Startup/startup_stm32f401retx.o
LOAD ./Drivers/STM32F4xx_HAL_Driver/Src/stm32f4xx_hal.o
LOAD ./Drivers/STM32F4xx_HAL_Driver/Src/stm32f4xx_hal_cortex.o
LOAD ./Drivers/STM32F4xx_HAL_Driver/Src/stm32f4xx_hal_dma.o
LOAD ./Drivers/STM32F4xx_HAL_Driver/Src/stm32f4xx_hal_dma_ex.o
LOAD ./Drivers/STM32F4xx_HAL_Driver/Src/stm32f4xx_hal_exti.o
LOAD ./Drivers/STM32F4xx_HAL_Driver/Src/stm32f4xx_hal_flash.o
LOAD ./Drivers/STM32F4xx_HAL_Driver/Src/stm32f4xx_hal_flash_ex.o
LOAD ./Drivers/STM32F4xx_HAL_Driver/Src/stm32f4xx_hal_flash_ramfunc.o
LOAD ./Drivers/STM32F4xx_HAL_Driver/Src/stm32f4xx_hal_gpio.o
LOAD ./Drivers/STM32F4xx_HAL_Driver/Src/stm32f4xx_hal_i2c.o
LOAD ./Drivers/STM32F4xx_HAL_Driver/Src/stm32f4xx_hal_i2c_ex.o
LOAD ./Drivers/STM32F4xx_HAL_Driver/Src/stm32f4xx_hal_pwr.o
LOAD ./Drivers/STM32F4xx_HAL_Driver/Src/stm32f4xx_hal_pwr_ex.o
LOAD ./Drivers/STM32F4xx_HAL_Driver/Src/stm32f4xx_hal_rcc.o
LOAD ./Drivers/STM32F4xx_HAL_Driver/Src/stm32f4xx_hal_rcc_ex.o
LOAD ./Drivers/STM32F4xx_HAL_Driver/Src/stm32f4xx_hal_tim.o
LOAD ./Drivers/STM32F4xx_HAL_Driver/Src/stm32f4xx_hal_tim_ex.o
LOAD ./Drivers/STM32F4xx_HAL_Driver/Src/stm32f4xx_hal_uart.o
LOAD ./lsm6dsr/lsm6dsr.o
LOAD ./lsm6dsr/lsm6dsr_read_data.o
START GROUP
LOAD C:/ST/STM32CubeIDE_1.13.2/STM32CubeIDE/plugins/com.st.stm32cube.ide.mcu.externaltools.gnu-tools-for-stm32.11.3.rel1.win32_1.1.1.202309131626/tools/bin/../lib/gcc/arm-none-eabi/11.3.1/../../../../arm-none-eabi/lib/thumb/v7e-m+fp/hard\libc_nano.a
LOAD C:/ST/STM32CubeIDE_1.13.2/STM32CubeIDE/plugins/com.st.stm32cube.ide.mcu.externaltools.gnu-tools-for-stm32.11.3.rel1.win32_1.1.1.202309131626/tools/bin/../lib/gcc/arm-none-eabi/11.3.1/../../../../arm-none-eabi/lib/thumb/v7e-m+fp/hard\libm.a
END GROUP
START GROUP
LOAD C:/ST/STM32CubeIDE_1.13.2/STM32CubeIDE/plugins/com.st.stm32cube.ide.mcu.externaltools.gnu-tools-for-stm32.11.3.rel1.win32_1.1.1.202309131626/tools/bin/../lib/gcc/arm-none-eabi/11.3.1/thumb/v7e-m+fp/hard\libgcc.a
LOAD C:/ST/STM32CubeIDE_1.13.2/STM32CubeIDE/plugins/com.st.stm32cube.ide.mcu.externaltools.gnu-tools-for-stm32.11.3.rel1.win32_1.1.1.202309131626/tools/bin/../lib/gcc/arm-none-eabi/11.3.1/../../../../arm-none-eabi/lib/thumb/v7e-m+fp/hard\libc_nano.a
END GROUP
START GROUP
LOAD C:/ST/STM32CubeIDE_1.13.2/STM32CubeIDE/plugins/com.st.stm32cube.ide.mcu.externaltools.gnu-tools-for-stm32.11.3.rel1.win32_1.1.1.202309131626/tools/bin/../lib/gcc/arm-none-eabi/11.3.1/thumb/v7e-m+fp/hard\libgcc.a
LOAD C:/ST/STM32CubeIDE_1.13.2/STM32CubeIDE/plugins/com.st.stm32cube.ide.mcu.externaltools.gnu-tools-for-stm32.11.3.rel1.win32_1.1.1.202309131626/tools/bin/../lib/gcc/arm-none-eabi/11.3.1/../../../../arm-none-eabi/lib/thumb/v7e-m+fp/hard\libc_nano.a
LOAD C:/ST/STM32CubeIDE_1.13.2/STM32CubeIDE/plugins/com.st.stm32cube.ide.mcu.externaltools.gnu-tools-for-stm32.11.3.rel1.win32_1.1.1.202309131626/tools/bin/../lib/gcc/arm-none-eabi/11.3.1/../../../../arm-none-eabi/lib/thumb/v7e-m+fp/hard\libnosys.a
END GROUP
START GROUP
LOAD C:/ST/STM32CubeIDE_1.13.2/STM32CubeIDE/plugins/com.st.stm32cube.ide.mcu.externaltools.gnu-tools-for-stm32.11.3.rel1.win32_1.1.1.202309131626/tools/bin/../lib/gcc/arm-none-eabi/11.3.1/thumb/v7e-m+fp/hard\libgcc.a
LOAD C:/ST/STM32CubeIDE_1.13.2/STM32CubeIDE/plugins/com.st.stm32cube.ide.mcu.externaltools.gnu-tools-for-stm32.11.3.rel1.win32_1.1.1.202309131626/tools/bin/../lib/gcc/arm-none-eabi/11.3.1/../../../../arm-none-eabi/lib/thumb/v7e-m+fp/hard\libc_nano.a
LOAD C:/ST/STM32CubeIDE_1.13.2/STM32CubeIDE/plugins/com.st.stm32cube.ide.mcu.externaltools.gnu-tools-for-stm32.11.3.rel1.win32_1.1.1.202309131626/tools/bin/../lib/gcc/arm-none-eabi/11.3.1/../../../../arm-none-eabi/lib/thumb/v7e-m+fp/hard\libnosys.a
END GROUP
LOAD C:/ST/STM32CubeIDE_1.13.2/STM32CubeIDE/plugins/com.st.stm32cube.ide.mcu.externaltools.gnu-tools-for-stm32.11.3.rel1.win32_1.1.1.202309131626/tools/bin/../lib/gcc/arm-none-eabi/11.3.1/thumb/v7e-m+fp/hard/crtend.o
LOAD C:/ST/STM32CubeIDE_1.13.2/STM32CubeIDE/plugins/com.st.stm32cube.ide.mcu.externaltools.gnu-tools-for-stm32.11.3.rel1.win32_1.1.1.202309131626/tools/bin/../lib/gcc/arm-none-eabi/11.3.1/thumb/v7e-m+fp/hard/crtn.o
                0x0000000020018000                _estack = (ORIGIN (RAM) + LENGTH (RAM))
                0x0000000000000200                _Min_Heap_Size = 0x200
                0x0000000000000400                _Min_Stack_Size = 0x400

.isr_vector     0x0000000008000000      0x194
                0x0000000008000000                . = ALIGN (0x4)
 *(.isr_vector)
 .isr_vector    0x0000000008000000      0x194 ./Core/Startup/startup_stm32f401retx.o
                0x0000000008000000                g_pfnVectors
                0x0000000008000194                . = ALIGN (0x4)

.text           0x0000000008000194     0x3cd8
                0x0000000008000194                . = ALIGN (0x4)
 *(.text)
 .text          0x0000000008000194       0x40 C:/ST/STM32CubeIDE_1.13.2/STM32CubeIDE/plugins/com.st.stm32cube.ide.mcu.externaltools.gnu-tools-for-stm32.11.3.rel1.win32_1.1.1.202309131626/tools/bin/../lib/gcc/arm-none-eabi/11.3.1/thumb/v7e-m+fp/hard/crtbegin.o
 .text          0x00000000080001d4       0x10 C:/ST/STM32CubeIDE_1.13.2/STM32CubeIDE/plugins/com.st.stm32cube.ide.mcu.externaltools.gnu-tools-for-stm32.11.3.rel1.win32_1.1.1.202309131626/tools/bin/../lib/gcc/arm-none-eabi/11.3.1/../../../../arm-none-eabi/lib/thumb/v7e-m+fp/hard\libc_nano.a(libc_a-strlen.o)
                0x00000000080001d4                strlen
 .text          0x00000000080001e4       0x30 C:/ST/STM32CubeIDE_1.13.2/STM32CubeIDE/plugins/com.st.stm32cube.ide.mcu.externaltools.gnu-tools-for-stm32.11.3.rel1.win32_1.1.1.202309131626/tools/bin/../lib/gcc/arm-none-eabi/11.3.1/thumb/v7e-m+fp/hard\libgcc.a(_aeabi_uldivmod.o)
                0x00000000080001e4                __aeabi_uldivmod
 .text          0x0000000008000214      0x2c8 C:/ST/STM32CubeIDE_1.13.2/STM32CubeIDE/plugins/com.st.stm32cube.ide.mcu.externaltools.gnu-tools-for-stm32.11.3.rel1.win32_1.1.1.202309131626/tools/bin/../lib/gcc/arm-none-eabi/11.3.1/thumb/v7e-m+fp/hard\libgcc.a(_udivmoddi4.o)
                0x0000000008000214                __udivmoddi4
 .text          0x00000000080004dc        0x4 C:/ST/STM32CubeIDE_1.13.2/STM32CubeIDE/plugins/com.st.stm32cube.ide.mcu.externaltools.gnu-tools-for-stm32.11.3.rel1.win32_1.1.1.202309131626/tools/bin/../lib/gcc/arm-none-eabi/11.3.1/thumb/v7e-m+fp/hard\libgcc.a(_dvmd_tls.o)
                0x00000000080004dc                __aeabi_idiv0
                0x00000000080004dc                __aeabi_ldiv0
 *(.text*)
 .text.MX_GPIO_Init
                0x00000000080004e0       0xdc ./Core/Src/gpio.o
                0x00000000080004e0                MX_GPIO_Init
 .text.MX_I2C1_Init
                0x00000000080005bc       0x5c ./Core/Src/i2c.o
                0x00000000080005bc                MX_I2C1_Init
 .text.HAL_I2C_MspInit
                0x0000000008000618       0x90 ./Core/Src/i2c.o
                0x0000000008000618                HAL_I2C_MspInit
 .text.main     0x00000000080006a8       0x26 ./Core/Src/main.o
                0x00000000080006a8                main
 *fill*         0x00000000080006ce        0x2 
 .text.SystemClock_Config
                0x00000000080006d0       0xd8 ./Core/Src/main.o
                0x00000000080006d0                SystemClock_Config
 .text.Error_Handler
                0x00000000080007a8        0xa ./Core/Src/main.o
                0x00000000080007a8                Error_Handler
 *fill*         0x00000000080007b2        0x2 
 .text.HAL_MspInit
                0x00000000080007b4       0x50 ./Core/Src/stm32f4xx_hal_msp.o
                0x00000000080007b4                HAL_MspInit
 .text.NMI_Handler
                0x0000000008000804        0x6 ./Core/Src/stm32f4xx_it.o
                0x0000000008000804                NMI_Handler
 .text.HardFault_Handler
                0x000000000800080a        0x6 ./Core/Src/stm32f4xx_it.o
                0x000000000800080a                HardFault_Handler
 .text.MemManage_Handler
                0x0000000008000810        0x6 ./Core/Src/stm32f4xx_it.o
                0x0000000008000810                MemManage_Handler
 .text.BusFault_Handler
                0x0000000008000816        0x6 ./Core/Src/stm32f4xx_it.o
                0x0000000008000816                BusFault_Handler
 .text.UsageFault_Handler
                0x000000000800081c        0x6 ./Core/Src/stm32f4xx_it.o
                0x000000000800081c                UsageFault_Handler
 .text.SVC_Handler
                0x0000000008000822        0xe ./Core/Src/stm32f4xx_it.o
                0x0000000008000822                SVC_Handler
 .text.DebugMon_Handler
                0x0000000008000830        0xe ./Core/Src/stm32f4xx_it.o
                0x0000000008000830                DebugMon_Handler
 .text.PendSV_Handler
                0x000000000800083e        0xe ./Core/Src/stm32f4xx_it.o
                0x000000000800083e                PendSV_Handler
 .text.SysTick_Handler
                0x000000000800084c        0xc ./Core/Src/stm32f4xx_it.o
                0x000000000800084c                SysTick_Handler
 .text.SystemInit
                0x0000000008000858       0x24 ./Core/Src/system_stm32f4xx.o
                0x0000000008000858                SystemInit
 .text.MX_USART2_UART_Init
                0x000000000800087c       0x54 ./Core/Src/usart.o
                0x000000000800087c                MX_USART2_UART_Init
 .text.HAL_UART_MspInit
                0x00000000080008d0       0x90 ./Core/Src/usart.o
                0x00000000080008d0                HAL_UART_MspInit
 .text.Reset_Handler
                0x0000000008000960       0x50 ./Core/Startup/startup_stm32f401retx.o
                0x0000000008000960                Reset_Handler
 .text.Default_Handler
                0x00000000080009b0        0x2 ./Core/Startup/startup_stm32f401retx.o
                0x00000000080009b0                RTC_Alarm_IRQHandler
                0x00000000080009b0                EXTI2_IRQHandler
                0x00000000080009b0                SPI4_IRQHandler
                0x00000000080009b0                TIM1_CC_IRQHandler
                0x00000000080009b0                DMA2_Stream5_IRQHandler
                0x00000000080009b0                DMA1_Stream5_IRQHandler
                0x00000000080009b0                PVD_IRQHandler
                0x00000000080009b0                SDIO_IRQHandler
                0x00000000080009b0                TAMP_STAMP_IRQHandler
                0x00000000080009b0                EXTI3_IRQHandler
                0x00000000080009b0                TIM1_UP_TIM10_IRQHandler
                0x00000000080009b0                I2C3_ER_IRQHandler
                0x00000000080009b0                EXTI0_IRQHandler
                0x00000000080009b0                I2C2_EV_IRQHandler
                0x00000000080009b0                DMA1_Stream2_IRQHandler
                0x00000000080009b0                FPU_IRQHandler
                0x00000000080009b0                DMA2_Stream2_IRQHandler
                0x00000000080009b0                SPI1_IRQHandler
                0x00000000080009b0                TIM1_BRK_TIM9_IRQHandler
                0x00000000080009b0                DMA2_Stream3_IRQHandler
                0x00000000080009b0                USART6_IRQHandler
                0x00000000080009b0                DMA2_Stream0_IRQHandler
                0x00000000080009b0                TIM4_IRQHandler
                0x00000000080009b0                I2C1_EV_IRQHandler
                0x00000000080009b0                DMA1_Stream6_IRQHandler
                0x00000000080009b0                DMA1_Stream1_IRQHandler
                0x00000000080009b0                TIM3_IRQHandler
                0x00000000080009b0                RCC_IRQHandler
                0x00000000080009b0                Default_Handler
                0x00000000080009b0                EXTI15_10_IRQHandler
                0x00000000080009b0                ADC_IRQHandler
                0x00000000080009b0                DMA1_Stream7_IRQHandler
                0x00000000080009b0                TIM5_IRQHandler
                0x00000000080009b0                DMA2_Stream7_IRQHandler
                0x00000000080009b0                I2C3_EV_IRQHandler
                0x00000000080009b0                EXTI9_5_IRQHandler
                0x00000000080009b0                RTC_WKUP_IRQHandler
                0x00000000080009b0                SPI2_IRQHandler
                0x00000000080009b0                DMA1_Stream0_IRQHandler
                0x00000000080009b0                EXTI4_IRQHandler
                0x00000000080009b0                WWDG_IRQHandler
                0x00000000080009b0                TIM2_IRQHandler
                0x00000000080009b0                OTG_FS_WKUP_IRQHandler
                0x00000000080009b0                TIM1_TRG_COM_TIM11_IRQHandler
                0x00000000080009b0                EXTI1_IRQHandler
                0x00000000080009b0                USART2_IRQHandler
                0x00000000080009b0                I2C2_ER_IRQHandler
                0x00000000080009b0                DMA2_Stream1_IRQHandler
                0x00000000080009b0                FLASH_IRQHandler
                0x00000000080009b0                DMA2_Stream4_IRQHandler
                0x00000000080009b0                USART1_IRQHandler
                0x00000000080009b0                OTG_FS_IRQHandler
                0x00000000080009b0                SPI3_IRQHandler
                0x00000000080009b0                DMA1_Stream4_IRQHandler
                0x00000000080009b0                I2C1_ER_IRQHandler
                0x00000000080009b0                DMA2_Stream6_IRQHandler
                0x00000000080009b0                DMA1_Stream3_IRQHandler
 *fill*         0x00000000080009b2        0x2 
 .text.HAL_Init
                0x00000000080009b4       0x44 ./Drivers/STM32F4xx_HAL_Driver/Src/stm32f4xx_hal.o
                0x00000000080009b4                HAL_Init
 .text.HAL_InitTick
                0x00000000080009f8       0x60 ./Drivers/STM32F4xx_HAL_Driver/Src/stm32f4xx_hal.o
                0x00000000080009f8                HAL_InitTick
 .text.HAL_IncTick
                0x0000000008000a58       0x28 ./Drivers/STM32F4xx_HAL_Driver/Src/stm32f4xx_hal.o
                0x0000000008000a58                HAL_IncTick
 .text.HAL_GetTick
                0x0000000008000a80       0x18 ./Drivers/STM32F4xx_HAL_Driver/Src/stm32f4xx_hal.o
                0x0000000008000a80                HAL_GetTick
 .text.HAL_Delay
                0x0000000008000a98       0x48 ./Drivers/STM32F4xx_HAL_Driver/Src/stm32f4xx_hal.o
                0x0000000008000a98                HAL_Delay
 .text.__NVIC_SetPriorityGrouping
                0x0000000008000ae0       0x48 ./Drivers/STM32F4xx_HAL_Driver/Src/stm32f4xx_hal_cortex.o
 .text.__NVIC_GetPriorityGrouping
                0x0000000008000b28       0x1c ./Drivers/STM32F4xx_HAL_Driver/Src/stm32f4xx_hal_cortex.o
 .text.__NVIC_SetPriority
                0x0000000008000b44       0x54 ./Drivers/STM32F4xx_HAL_Driver/Src/stm32f4xx_hal_cortex.o
 .text.NVIC_EncodePriority
                0x0000000008000b98       0x66 ./Drivers/STM32F4xx_HAL_Driver/Src/stm32f4xx_hal_cortex.o
 *fill*         0x0000000008000bfe        0x2 
 .text.SysTick_Config
                0x0000000008000c00       0x44 ./Drivers/STM32F4xx_HAL_Driver/Src/stm32f4xx_hal_cortex.o
 .text.HAL_NVIC_SetPriorityGrouping
                0x0000000008000c44       0x16 ./Drivers/STM32F4xx_HAL_Driver/Src/stm32f4xx_hal_cortex.o
                0x0000000008000c44                HAL_NVIC_SetPriorityGrouping
 .text.HAL_NVIC_SetPriority
                0x0000000008000c5a       0x38 ./Drivers/STM32F4xx_HAL_Driver/Src/stm32f4xx_hal_cortex.o
                0x0000000008000c5a                HAL_NVIC_SetPriority
 .text.HAL_SYSTICK_Config
                0x0000000008000c92       0x18 ./Drivers/STM32F4xx_HAL_Driver/Src/stm32f4xx_hal_cortex.o
                0x0000000008000c92                HAL_SYSTICK_Config
 *fill*         0x0000000008000caa        0x2 
 .text.HAL_GPIO_Init
                0x0000000008000cac      0x308 ./Drivers/STM32F4xx_HAL_Driver/Src/stm32f4xx_hal_gpio.o
                0x0000000008000cac                HAL_GPIO_Init
 .text.HAL_GPIO_WritePin
                0x0000000008000fb4       0x32 ./Drivers/STM32F4xx_HAL_Driver/Src/stm32f4xx_hal_gpio.o
                0x0000000008000fb4                HAL_GPIO_WritePin
 *fill*         0x0000000008000fe6        0x2 
 .text.HAL_I2C_Init
                0x0000000008000fe8      0x288 ./Drivers/STM32F4xx_HAL_Driver/Src/stm32f4xx_hal_i2c.o
                0x0000000008000fe8                HAL_I2C_Init
 .text.HAL_I2C_Mem_Write
                0x0000000008001270      0x1f4 ./Drivers/STM32F4xx_HAL_Driver/Src/stm32f4xx_hal_i2c.o
                0x0000000008001270                HAL_I2C_Mem_Write
 .text.HAL_I2C_Mem_Read
                0x0000000008001464      0x44c ./Drivers/STM32F4xx_HAL_Driver/Src/stm32f4xx_hal_i2c.o
                0x0000000008001464                HAL_I2C_Mem_Read
 .text.I2C_RequestMemoryWrite
                0x00000000080018b0      0x12c ./Drivers/STM32F4xx_HAL_Driver/Src/stm32f4xx_hal_i2c.o
 .text.I2C_RequestMemoryRead
                0x00000000080019dc      0x1d0 ./Drivers/STM32F4xx_HAL_Driver/Src/stm32f4xx_hal_i2c.o
 .text.I2C_WaitOnFlagUntilTimeout
                0x0000000008001bac       0xae ./Drivers/STM32F4xx_HAL_Driver/Src/stm32f4xx_hal_i2c.o
 .text.I2C_WaitOnMasterAddressFlagUntilTimeout
                0x0000000008001c5a       0xfe ./Drivers/STM32F4xx_HAL_Driver/Src/stm32f4xx_hal_i2c.o
 .text.I2C_WaitOnTXEFlagUntilTimeout
                0x0000000008001d58       0x82 ./Drivers/STM32F4xx_HAL_Driver/Src/stm32f4xx_hal_i2c.o
 .text.I2C_WaitOnBTFFlagUntilTimeout
                0x0000000008001dda       0x82 ./Drivers/STM32F4xx_HAL_Driver/Src/stm32f4xx_hal_i2c.o
 .text.I2C_WaitOnRXNEFlagUntilTimeout
                0x0000000008001e5c       0xac ./Drivers/STM32F4xx_HAL_Driver/Src/stm32f4xx_hal_i2c.o
 .text.I2C_IsAcknowledgeFailed
                0x0000000008001f08       0x5e ./Drivers/STM32F4xx_HAL_Driver/Src/stm32f4xx_hal_i2c.o
 *fill*         0x0000000008001f66        0x2 
 .text.HAL_RCC_OscConfig
                0x0000000008001f68      0x4f0 ./Drivers/STM32F4xx_HAL_Driver/Src/stm32f4xx_hal_rcc.o
                0x0000000008001f68                HAL_RCC_OscConfig
 .text.HAL_RCC_ClockConfig
                0x0000000008002458      0x1cc ./Drivers/STM32F4xx_HAL_Driver/Src/stm32f4xx_hal_rcc.o
                0x0000000008002458                HAL_RCC_ClockConfig
 .text.HAL_RCC_GetSysClockFreq
                0x0000000008002624      0x20c ./Drivers/STM32F4xx_HAL_Driver/Src/stm32f4xx_hal_rcc.o
                0x0000000008002624                HAL_RCC_GetSysClockFreq
 .text.HAL_RCC_GetHCLKFreq
                0x0000000008002830       0x18 ./Drivers/STM32F4xx_HAL_Driver/Src/stm32f4xx_hal_rcc.o
                0x0000000008002830                HAL_RCC_GetHCLKFreq
 .text.HAL_RCC_GetPCLK1Freq
                0x0000000008002848       0x28 ./Drivers/STM32F4xx_HAL_Driver/Src/stm32f4xx_hal_rcc.o
                0x0000000008002848                HAL_RCC_GetPCLK1Freq
 .text.HAL_RCC_GetPCLK2Freq
                0x0000000008002870       0x28 ./Drivers/STM32F4xx_HAL_Driver/Src/stm32f4xx_hal_rcc.o
                0x0000000008002870                HAL_RCC_GetPCLK2Freq
 .text.HAL_UART_Init
                0x0000000008002898       0x9a ./Drivers/STM32F4xx_HAL_Driver/Src/stm32f4xx_hal_uart.o
                0x0000000008002898                HAL_UART_Init
 .text.HAL_UART_Transmit
                0x0000000008002932      0x124 ./Drivers/STM32F4xx_HAL_Driver/Src/stm32f4xx_hal_uart.o
                0x0000000008002932                HAL_UART_Transmit
 .text.UART_WaitOnFlagUntilTimeout
                0x0000000008002a56       0xdc ./Drivers/STM32F4xx_HAL_Driver/Src/stm32f4xx_hal_uart.o
 *fill*         0x0000000008002b32        0x2 
 .text.UART_SetConfig
                0x0000000008002b34      0x4e8 ./Drivers/STM32F4xx_HAL_Driver/Src/stm32f4xx_hal_uart.o
 .text.lsm6dsr_read_reg
                0x000000000800301c       0x30 ./lsm6dsr/lsm6dsr.o
                0x000000000800301c                lsm6dsr_read_reg
 .text.lsm6dsr_write_reg
                0x000000000800304c       0x30 ./lsm6dsr/lsm6dsr.o
                0x000000000800304c                lsm6dsr_write_reg
 .text.lsm6dsr_from_fs2g_to_mg
                0x000000000800307c       0x30 ./lsm6dsr/lsm6dsr.o
                0x000000000800307c                lsm6dsr_from_fs2g_to_mg
 .text.lsm6dsr_from_fs2000dps_to_mdps
                0x00000000080030ac       0x30 ./lsm6dsr/lsm6dsr.o
                0x00000000080030ac                lsm6dsr_from_fs2000dps_to_mdps
 .text.lsm6dsr_from_lsb_to_celsius
                0x00000000080030dc       0x38 ./lsm6dsr/lsm6dsr.o
                0x00000000080030dc                lsm6dsr_from_lsb_to_celsius
 .text.lsm6dsr_xl_full_scale_set
                0x0000000008003114       0x4c ./lsm6dsr/lsm6dsr.o
                0x0000000008003114                lsm6dsr_xl_full_scale_set
 .text.lsm6dsr_xl_data_rate_set
                0x0000000008003160      0x1f4 ./lsm6dsr/lsm6dsr.o
                0x0000000008003160                lsm6dsr_xl_data_rate_set
 .text.lsm6dsr_gy_full_scale_set
                0x0000000008003354       0x4c ./lsm6dsr/lsm6dsr.o
                0x0000000008003354                lsm6dsr_gy_full_scale_set
 .text.lsm6dsr_gy_data_rate_set
                0x00000000080033a0      0x1f4 ./lsm6dsr/lsm6dsr.o
                0x00000000080033a0                lsm6dsr_gy_data_rate_set
 .text.lsm6dsr_block_data_update_set
                0x0000000008003594       0x4c ./lsm6dsr/lsm6dsr.o
                0x0000000008003594                lsm6dsr_block_data_update_set
 .text.lsm6dsr_xl_flag_data_ready_get
                0x00000000080035e0       0x32 ./lsm6dsr/lsm6dsr.o
                0x00000000080035e0                lsm6dsr_xl_flag_data_ready_get
 .text.lsm6dsr_gy_flag_data_ready_get
                0x0000000008003612       0x32 ./lsm6dsr/lsm6dsr.o
                0x0000000008003612                lsm6dsr_gy_flag_data_ready_get
 .text.lsm6dsr_temp_flag_data_ready_get
                0x0000000008003644       0x32 ./lsm6dsr/lsm6dsr.o
                0x0000000008003644                lsm6dsr_temp_flag_data_ready_get
 .text.lsm6dsr_temperature_raw_get
                0x0000000008003676       0x46 ./lsm6dsr/lsm6dsr.o
                0x0000000008003676                lsm6dsr_temperature_raw_get
 .text.lsm6dsr_angular_rate_raw_get
                0x00000000080036bc       0x96 ./lsm6dsr/lsm6dsr.o
                0x00000000080036bc                lsm6dsr_angular_rate_raw_get
 .text.lsm6dsr_acceleration_raw_get
                0x0000000008003752       0x96 ./lsm6dsr/lsm6dsr.o
                0x0000000008003752                lsm6dsr_acceleration_raw_get
 .text.lsm6dsr_mem_bank_set
                0x00000000080037e8       0x4c ./lsm6dsr/lsm6dsr.o
                0x00000000080037e8                lsm6dsr_mem_bank_set
 .text.lsm6dsr_device_id_get
                0x0000000008003834       0x22 ./lsm6dsr/lsm6dsr.o
                0x0000000008003834                lsm6dsr_device_id_get
 .text.lsm6dsr_reset_set
                0x0000000008003856       0x4c ./lsm6dsr/lsm6dsr.o
                0x0000000008003856                lsm6dsr_reset_set
 .text.lsm6dsr_reset_get
                0x00000000080038a2       0x32 ./lsm6dsr/lsm6dsr.o
                0x00000000080038a2                lsm6dsr_reset_get
 .text.lsm6dsr_xl_filter_lp2_set
                0x00000000080038d4       0x4c ./lsm6dsr/lsm6dsr.o
                0x00000000080038d4                lsm6dsr_xl_filter_lp2_set
 .text.lsm6dsr_xl_hp_path_on_out_set
                0x0000000008003920       0x70 ./lsm6dsr/lsm6dsr.o
                0x0000000008003920                lsm6dsr_xl_hp_path_on_out_set
 .text.lsm6dsr_i3c_disable_set
                0x0000000008003990       0x8c ./lsm6dsr/lsm6dsr.o
                0x0000000008003990                lsm6dsr_i3c_disable_set
 .text.lsm6dsr_fsm_enable_get
                0x0000000008003a1c       0x58 ./lsm6dsr/lsm6dsr.o
                0x0000000008003a1c                lsm6dsr_fsm_enable_get
 .text.lsm6dsr_fsm_data_rate_get
                0x0000000008003a74       0x90 ./lsm6dsr/lsm6dsr.o
                0x0000000008003a74                lsm6dsr_fsm_data_rate_get
 .text.lsm6dsr_read_data_polling
                0x0000000008003b04      0x238 ./lsm6dsr/lsm6dsr_read_data.o
                0x0000000008003b04                lsm6dsr_read_data_polling
 .text.platform_write
                0x0000000008003d3c       0x3a ./lsm6dsr/lsm6dsr_read_data.o
 .text.platform_read
                0x0000000008003d76       0x3a ./lsm6dsr/lsm6dsr_read_data.o
 .text.tx_com   0x0000000008003db0       0x28 ./lsm6dsr/lsm6dsr_read_data.o
 .text.platform_delay
                0x0000000008003dd8       0x16 ./lsm6dsr/lsm6dsr_read_data.o
 .text.platform_init
                0x0000000008003dee        0xe ./lsm6dsr/lsm6dsr_read_data.o
 .text.memset   0x0000000008003dfc       0x10 C:/ST/STM32CubeIDE_1.13.2/STM32CubeIDE/plugins/com.st.stm32cube.ide.mcu.externaltools.gnu-tools-for-stm32.11.3.rel1.win32_1.1.1.202309131626/tools/bin/../lib/gcc/arm-none-eabi/11.3.1/../../../../arm-none-eabi/lib/thumb/v7e-m+fp/hard\libc_nano.a(libc_a-memset.o)
                0x0000000008003dfc                memset
 .text.__libc_init_array
                0x0000000008003e0c       0x48 C:/ST/STM32CubeIDE_1.13.2/STM32CubeIDE/plugins/com.st.stm32cube.ide.mcu.externaltools.gnu-tools-for-stm32.11.3.rel1.win32_1.1.1.202309131626/tools/bin/../lib/gcc/arm-none-eabi/11.3.1/../../../../arm-none-eabi/lib/thumb/v7e-m+fp/hard\libc_nano.a(libc_a-init.o)
                0x0000000008003e0c                __libc_init_array
 *(.glue_7)
 .glue_7        0x0000000008003e54        0x0 linker stubs
 *(.glue_7t)
 .glue_7t       0x0000000008003e54        0x0 linker stubs
 *(.eh_frame)
 .eh_frame      0x0000000008003e54        0x0 C:/ST/STM32CubeIDE_1.13.2/STM32CubeIDE/plugins/com.st.stm32cube.ide.mcu.externaltools.gnu-tools-for-stm32.11.3.rel1.win32_1.1.1.202309131626/tools/bin/../lib/gcc/arm-none-eabi/11.3.1/thumb/v7e-m+fp/hard/crtbegin.o
 *(.init)
 .init          0x0000000008003e54        0x4 C:/ST/STM32CubeIDE_1.13.2/STM32CubeIDE/plugins/com.st.stm32cube.ide.mcu.externaltools.gnu-tools-for-stm32.11.3.rel1.win32_1.1.1.202309131626/tools/bin/../lib/gcc/arm-none-eabi/11.3.1/thumb/v7e-m+fp/hard/crti.o
                0x0000000008003e54                _init
 .init          0x0000000008003e58        0x8 C:/ST/STM32CubeIDE_1.13.2/STM32CubeIDE/plugins/com.st.stm32cube.ide.mcu.externaltools.gnu-tools-for-stm32.11.3.rel1.win32_1.1.1.202309131626/tools/bin/../lib/gcc/arm-none-eabi/11.3.1/thumb/v7e-m+fp/hard/crtn.o
 *(.fini)
 .fini          0x0000000008003e60        0x4 C:/ST/STM32CubeIDE_1.13.2/STM32CubeIDE/plugins/com.st.stm32cube.ide.mcu.externaltools.gnu-tools-for-stm32.11.3.rel1.win32_1.1.1.202309131626/tools/bin/../lib/gcc/arm-none-eabi/11.3.1/thumb/v7e-m+fp/hard/crti.o
                0x0000000008003e60                _fini
 .fini          0x0000000008003e64        0x8 C:/ST/STM32CubeIDE_1.13.2/STM32CubeIDE/plugins/com.st.stm32cube.ide.mcu.externaltools.gnu-tools-for-stm32.11.3.rel1.win32_1.1.1.202309131626/tools/bin/../lib/gcc/arm-none-eabi/11.3.1/thumb/v7e-m+fp/hard/crtn.o
                0x0000000008003e6c                . = ALIGN (0x4)
                0x0000000008003e6c                _etext = .

.vfp11_veneer   0x0000000008003e6c        0x0
 .vfp11_veneer  0x0000000008003e6c        0x0 linker stubs

.v4_bx          0x0000000008003e6c        0x0
 .v4_bx         0x0000000008003e6c        0x0 linker stubs

.iplt           0x0000000008003e6c        0x0
 .iplt          0x0000000008003e6c        0x0 C:/ST/STM32CubeIDE_1.13.2/STM32CubeIDE/plugins/com.st.stm32cube.ide.mcu.externaltools.gnu-tools-for-stm32.11.3.rel1.win32_1.1.1.202309131626/tools/bin/../lib/gcc/arm-none-eabi/11.3.1/thumb/v7e-m+fp/hard/crtbegin.o

.rodata         0x0000000008003e6c       0x18
                0x0000000008003e6c                . = ALIGN (0x4)
 *(.rodata)
 *(.rodata*)
 .rodata.AHBPrescTable
                0x0000000008003e6c       0x10 ./Core/Src/system_stm32f4xx.o
                0x0000000008003e6c                AHBPrescTable
 .rodata.APBPrescTable
                0x0000000008003e7c        0x8 ./Core/Src/system_stm32f4xx.o
                0x0000000008003e7c                APBPrescTable
                0x0000000008003e84                . = ALIGN (0x4)

.ARM.extab      0x0000000008003e84        0x0
                0x0000000008003e84                . = ALIGN (0x4)
 *(.ARM.extab* .gnu.linkonce.armextab.*)
                0x0000000008003e84                . = ALIGN (0x4)

.ARM            0x0000000008003e84        0x8
                0x0000000008003e84                . = ALIGN (0x4)
                0x0000000008003e84                __exidx_start = .
 *(.ARM.exidx*)
 .ARM.exidx     0x0000000008003e84        0x8 C:/ST/STM32CubeIDE_1.13.2/STM32CubeIDE/plugins/com.st.stm32cube.ide.mcu.externaltools.gnu-tools-for-stm32.11.3.rel1.win32_1.1.1.202309131626/tools/bin/../lib/gcc/arm-none-eabi/11.3.1/thumb/v7e-m+fp/hard\libgcc.a(_udivmoddi4.o)
                0x0000000008003e8c                __exidx_end = .
                0x0000000008003e8c                . = ALIGN (0x4)

.rel.dyn        0x0000000008003e8c        0x0
 .rel.iplt      0x0000000008003e8c        0x0 C:/ST/STM32CubeIDE_1.13.2/STM32CubeIDE/plugins/com.st.stm32cube.ide.mcu.externaltools.gnu-tools-for-stm32.11.3.rel1.win32_1.1.1.202309131626/tools/bin/../lib/gcc/arm-none-eabi/11.3.1/thumb/v7e-m+fp/hard/crtbegin.o

.preinit_array  0x0000000008003e8c        0x0
                0x0000000008003e8c                . = ALIGN (0x4)
                0x0000000008003e8c                PROVIDE (__preinit_array_start = .)
 *(.preinit_array*)
                0x0000000008003e8c                PROVIDE (__preinit_array_end = .)
                0x0000000008003e8c                . = ALIGN (0x4)

.init_array     0x0000000008003e8c        0x4
                0x0000000008003e8c                . = ALIGN (0x4)
                0x0000000008003e8c                PROVIDE (__init_array_start = .)
 *(SORT_BY_NAME(.init_array.*))
 *(.init_array*)
 .init_array    0x0000000008003e8c        0x4 C:/ST/STM32CubeIDE_1.13.2/STM32CubeIDE/plugins/com.st.stm32cube.ide.mcu.externaltools.gnu-tools-for-stm32.11.3.rel1.win32_1.1.1.202309131626/tools/bin/../lib/gcc/arm-none-eabi/11.3.1/thumb/v7e-m+fp/hard/crtbegin.o
                0x0000000008003e90                PROVIDE (__init_array_end = .)
                0x0000000008003e90                . = ALIGN (0x4)

.fini_array     0x0000000008003e90        0x4
                0x0000000008003e90                . = ALIGN (0x4)
                [!provide]                        PROVIDE (__fini_array_start = .)
 *(SORT_BY_NAME(.fini_array.*))
 *(.fini_array*)
 .fini_array    0x0000000008003e90        0x4 C:/ST/STM32CubeIDE_1.13.2/STM32CubeIDE/plugins/com.st.stm32cube.ide.mcu.externaltools.gnu-tools-for-stm32.11.3.rel1.win32_1.1.1.202309131626/tools/bin/../lib/gcc/arm-none-eabi/11.3.1/thumb/v7e-m+fp/hard/crtbegin.o
                [!provide]                        PROVIDE (__fini_array_end = .)
                0x0000000008003e94                . = ALIGN (0x4)
                0x0000000008003e94                _sidata = LOADADDR (.data)

.data           0x0000000020000000        0xc load address 0x0000000008003e94
                0x0000000020000000                . = ALIGN (0x4)
                0x0000000020000000                _sdata = .
 *(.data)
 *(.data*)
 .data.SystemCoreClock
                0x0000000020000000        0x4 ./Core/Src/system_stm32f4xx.o
                0x0000000020000000                SystemCoreClock
 .data.uwTickPrio
                0x0000000020000004        0x4 ./Drivers/STM32F4xx_HAL_Driver/Src/stm32f4xx_hal.o
                0x0000000020000004                uwTickPrio
 .data.uwTickFreq
                0x0000000020000008        0x1 ./Drivers/STM32F4xx_HAL_Driver/Src/stm32f4xx_hal.o
                0x0000000020000008                uwTickFreq
 *(.RamFunc)
 *(.RamFunc*)
                0x000000002000000c                . = ALIGN (0x4)
 *fill*         0x0000000020000009        0x3 
                0x000000002000000c                _edata = .

.igot.plt       0x000000002000000c        0x0 load address 0x0000000008003ea0
 .igot.plt      0x000000002000000c        0x0 C:/ST/STM32CubeIDE_1.13.2/STM32CubeIDE/plugins/com.st.stm32cube.ide.mcu.externaltools.gnu-tools-for-stm32.11.3.rel1.win32_1.1.1.202309131626/tools/bin/../lib/gcc/arm-none-eabi/11.3.1/thumb/v7e-m+fp/hard/crtbegin.o
                0x000000002000000c                . = ALIGN (0x4)

.bss            0x000000002000000c      0x4d0 load address 0x0000000008003ea0
                0x000000002000000c                _sbss = .
                0x000000002000000c                __bss_start__ = _sbss
 *(.bss)
 .bss           0x000000002000000c       0x1c C:/ST/STM32CubeIDE_1.13.2/STM32CubeIDE/plugins/com.st.stm32cube.ide.mcu.externaltools.gnu-tools-for-stm32.11.3.rel1.win32_1.1.1.202309131626/tools/bin/../lib/gcc/arm-none-eabi/11.3.1/thumb/v7e-m+fp/hard/crtbegin.o
 *(.bss*)
 .bss.hi2c1     0x0000000020000028       0x54 ./Core/Src/i2c.o
                0x0000000020000028                hi2c1
 .bss.huart2    0x000000002000007c       0x44 ./Core/Src/usart.o
                0x000000002000007c                huart2
 .bss.uwTick    0x00000000200000c0        0x4 ./Drivers/STM32F4xx_HAL_Driver/Src/stm32f4xx_hal.o
                0x00000000200000c0                uwTick
 .bss.data_raw_acceleration
                0x00000000200000c4        0x6 ./lsm6dsr/lsm6dsr_read_data.o
 *fill*         0x00000000200000ca        0x2 
 .bss.data_raw_angular_rate
                0x00000000200000cc        0x6 ./lsm6dsr/lsm6dsr_read_data.o
 .bss.data_raw_temperature
                0x00000000200000d2        0x2 ./lsm6dsr/lsm6dsr_read_data.o
 .bss.acceleration_mg
                0x00000000200000d4        0xc ./lsm6dsr/lsm6dsr_read_data.o
 .bss.angular_rate_mdps
                0x00000000200000e0        0xc ./lsm6dsr/lsm6dsr_read_data.o
 .bss.temperature_degC
                0x00000000200000ec        0x4 ./lsm6dsr/lsm6dsr_read_data.o
 .bss.whoamI    0x00000000200000f0        0x1 ./lsm6dsr/lsm6dsr_read_data.o
 .bss.rst       0x00000000200000f1        0x1 ./lsm6dsr/lsm6dsr_read_data.o
 *fill*         0x00000000200000f2        0x2 
 .bss.tx_buffer
                0x00000000200000f4      0x3e8 ./lsm6dsr/lsm6dsr_read_data.o
 *(COMMON)
                0x00000000200004dc                . = ALIGN (0x4)
                0x00000000200004dc                _ebss = .
                0x00000000200004dc                __bss_end__ = _ebss

._user_heap_stack
                0x00000000200004dc      0x604 load address 0x0000000008003ea0
                0x00000000200004e0                . = ALIGN (0x8)
 *fill*         0x00000000200004dc        0x4 
                [!provide]                        PROVIDE (end = .)
                0x00000000200004e0                PROVIDE (_end = .)
                0x00000000200006e0                . = (. + _Min_Heap_Size)
 *fill*         0x00000000200004e0      0x200 
                0x0000000020000ae0                . = (. + _Min_Stack_Size)
 *fill*         0x00000000200006e0      0x400 
                0x0000000020000ae0                . = ALIGN (0x8)

/DISCARD/
 libc.a(*)
 libm.a(*)
 libgcc.a(*)

.ARM.attributes
                0x0000000000000000       0x30
 *(.ARM.attributes)
 .ARM.attributes
                0x0000000000000000       0x1e C:/ST/STM32CubeIDE_1.13.2/STM32CubeIDE/plugins/com.st.stm32cube.ide.mcu.externaltools.gnu-tools-for-stm32.11.3.rel1.win32_1.1.1.202309131626/tools/bin/../lib/gcc/arm-none-eabi/11.3.1/thumb/v7e-m+fp/hard/crti.o
 .ARM.attributes
                0x000000000000001e       0x34 C:/ST/STM32CubeIDE_1.13.2/STM32CubeIDE/plugins/com.st.stm32cube.ide.mcu.externaltools.gnu-tools-for-stm32.11.3.rel1.win32_1.1.1.202309131626/tools/bin/../lib/gcc/arm-none-eabi/11.3.1/thumb/v7e-m+fp/hard/crtbegin.o
 .ARM.attributes
                0x0000000000000052       0x34 ./Core/Src/gpio.o
 .ARM.attributes
                0x0000000000000086       0x34 ./Core/Src/i2c.o
 .ARM.attributes
                0x00000000000000ba       0x34 ./Core/Src/main.o
 .ARM.attributes
                0x00000000000000ee       0x34 ./Core/Src/stm32f4xx_hal_msp.o
 .ARM.attributes
                0x0000000000000122       0x34 ./Core/Src/stm32f4xx_it.o
 .ARM.attributes
                0x0000000000000156       0x34 ./Core/Src/system_stm32f4xx.o
 .ARM.attributes
                0x000000000000018a       0x34 ./Core/Src/usart.o
 .ARM.attributes
                0x00000000000001be       0x21 ./Core/Startup/startup_stm32f401retx.o
 .ARM.attributes
                0x00000000000001df       0x34 ./Drivers/STM32F4xx_HAL_Driver/Src/stm32f4xx_hal.o
 .ARM.attributes
                0x0000000000000213       0x34 ./Drivers/STM32F4xx_HAL_Driver/Src/stm32f4xx_hal_cortex.o
 .ARM.attributes
                0x0000000000000247       0x34 ./Drivers/STM32F4xx_HAL_Driver/Src/stm32f4xx_hal_gpio.o
 .ARM.attributes
                0x000000000000027b       0x34 ./Drivers/STM32F4xx_HAL_Driver/Src/stm32f4xx_hal_i2c.o
 .ARM.attributes
                0x00000000000002af       0x34 ./Drivers/STM32F4xx_HAL_Driver/Src/stm32f4xx_hal_rcc.o
 .ARM.attributes
                0x00000000000002e3       0x34 ./Drivers/STM32F4xx_HAL_Driver/Src/stm32f4xx_hal_uart.o
 .ARM.attributes
                0x0000000000000317       0x34 ./lsm6dsr/lsm6dsr.o
 .ARM.attributes
                0x000000000000034b       0x34 ./lsm6dsr/lsm6dsr_read_data.o
 .ARM.attributes
                0x000000000000037f       0x34 C:/ST/STM32CubeIDE_1.13.2/STM32CubeIDE/plugins/com.st.stm32cube.ide.mcu.externaltools.gnu-tools-for-stm32.11.3.rel1.win32_1.1.1.202309131626/tools/bin/../lib/gcc/arm-none-eabi/11.3.1/../../../../arm-none-eabi/lib/thumb/v7e-m+fp/hard\libc_nano.a(libc_a-memset.o)
 .ARM.attributes
                0x00000000000003b3       0x34 C:/ST/STM32CubeIDE_1.13.2/STM32CubeIDE/plugins/com.st.stm32cube.ide.mcu.externaltools.gnu-tools-for-stm32.11.3.rel1.win32_1.1.1.202309131626/tools/bin/../lib/gcc/arm-none-eabi/11.3.1/../../../../arm-none-eabi/lib/thumb/v7e-m+fp/hard\libc_nano.a(libc_a-init.o)
 .ARM.attributes
                0x00000000000003e7       0x17 C:/ST/STM32CubeIDE_1.13.2/STM32CubeIDE/plugins/com.st.stm32cube.ide.mcu.externaltools.gnu-tools-for-stm32.11.3.rel1.win32_1.1.1.202309131626/tools/bin/../lib/gcc/arm-none-eabi/11.3.1/../../../../arm-none-eabi/lib/thumb/v7e-m+fp/hard\libc_nano.a(libc_a-strlen.o)
 .ARM.attributes
                0x00000000000003fe       0x1e C:/ST/STM32CubeIDE_1.13.2/STM32CubeIDE/plugins/com.st.stm32cube.ide.mcu.externaltools.gnu-tools-for-stm32.11.3.rel1.win32_1.1.1.202309131626/tools/bin/../lib/gcc/arm-none-eabi/11.3.1/thumb/v7e-m+fp/hard\libgcc.a(_aeabi_uldivmod.o)
 .ARM.attributes
                0x000000000000041c       0x34 C:/ST/STM32CubeIDE_1.13.2/STM32CubeIDE/plugins/com.st.stm32cube.ide.mcu.externaltools.gnu-tools-for-stm32.11.3.rel1.win32_1.1.1.202309131626/tools/bin/../lib/gcc/arm-none-eabi/11.3.1/thumb/v7e-m+fp/hard\libgcc.a(_udivmoddi4.o)
 .ARM.attributes
                0x0000000000000450       0x1e C:/ST/STM32CubeIDE_1.13.2/STM32CubeIDE/plugins/com.st.stm32cube.ide.mcu.externaltools.gnu-tools-for-stm32.11.3.rel1.win32_1.1.1.202309131626/tools/bin/../lib/gcc/arm-none-eabi/11.3.1/thumb/v7e-m+fp/hard\libgcc.a(_dvmd_tls.o)
 .ARM.attributes
                0x000000000000046e       0x1e C:/ST/STM32CubeIDE_1.13.2/STM32CubeIDE/plugins/com.st.stm32cube.ide.mcu.externaltools.gnu-tools-for-stm32.11.3.rel1.win32_1.1.1.202309131626/tools/bin/../lib/gcc/arm-none-eabi/11.3.1/thumb/v7e-m+fp/hard/crtn.o
OUTPUT(FW_IMU.elf elf32-littlearm)
LOAD linker stubs
LOAD C:/ST/STM32CubeIDE_1.13.2/STM32CubeIDE/plugins/com.st.stm32cube.ide.mcu.externaltools.gnu-tools-for-stm32.11.3.rel1.win32_1.1.1.202309131626/tools/bin/../lib/gcc/arm-none-eabi/11.3.1/../../../../arm-none-eabi/lib/thumb/v7e-m+fp/hard\libc.a
LOAD C:/ST/STM32CubeIDE_1.13.2/STM32CubeIDE/plugins/com.st.stm32cube.ide.mcu.externaltools.gnu-tools-for-stm32.11.3.rel1.win32_1.1.1.202309131626/tools/bin/../lib/gcc/arm-none-eabi/11.3.1/../../../../arm-none-eabi/lib/thumb/v7e-m+fp/hard\libm.a
LOAD C:/ST/STM32CubeIDE_1.13.2/STM32CubeIDE/plugins/com.st.stm32cube.ide.mcu.externaltools.gnu-tools-for-stm32.11.3.rel1.win32_1.1.1.202309131626/tools/bin/../lib/gcc/arm-none-eabi/11.3.1/thumb/v7e-m+fp/hard\libgcc.a

.comment        0x0000000000000000       0x43
 .comment       0x0000000000000000       0x43 C:/ST/STM32CubeIDE_1.13.2/STM32CubeIDE/plugins/com.st.stm32cube.ide.mcu.externaltools.gnu-tools-for-stm32.11.3.rel1.win32_1.1.1.202309131626/tools/bin/../lib/gcc/arm-none-eabi/11.3.1/thumb/v7e-m+fp/hard/crtbegin.o
                                         0x44 (size before relaxing)
 .comment       0x0000000000000043       0x44 ./Core/Src/gpio.o
 .comment       0x0000000000000043       0x44 ./Core/Src/i2c.o
 .comment       0x0000000000000043       0x44 ./Core/Src/main.o
 .comment       0x0000000000000043       0x44 ./Core/Src/stm32f4xx_hal_msp.o
 .comment       0x0000000000000043       0x44 ./Core/Src/stm32f4xx_it.o
 .comment       0x0000000000000043       0x44 ./Core/Src/system_stm32f4xx.o
 .comment       0x0000000000000043       0x44 ./Core/Src/usart.o
 .comment       0x0000000000000043       0x44 ./Drivers/STM32F4xx_HAL_Driver/Src/stm32f4xx_hal.o
 .comment       0x0000000000000043       0x44 ./Drivers/STM32F4xx_HAL_Driver/Src/stm32f4xx_hal_cortex.o
 .comment       0x0000000000000043       0x44 ./Drivers/STM32F4xx_HAL_Driver/Src/stm32f4xx_hal_gpio.o
 .comment       0x0000000000000043       0x44 ./Drivers/STM32F4xx_HAL_Driver/Src/stm32f4xx_hal_i2c.o
 .comment       0x0000000000000043       0x44 ./Drivers/STM32F4xx_HAL_Driver/Src/stm32f4xx_hal_rcc.o
 .comment       0x0000000000000043       0x44 ./Drivers/STM32F4xx_HAL_Driver/Src/stm32f4xx_hal_uart.o
 .comment       0x0000000000000043       0x44 ./lsm6dsr/lsm6dsr.o
 .comment       0x0000000000000043       0x44 ./lsm6dsr/lsm6dsr_read_data.o

.debug_info     0x0000000000000000    0x160cb
 .debug_info    0x0000000000000000      0x433 ./Core/Src/gpio.o
 .debug_info    0x0000000000000433      0x9a5 ./Core/Src/i2c.o
 .debug_info    0x0000000000000dd8      0x531 ./Core/Src/main.o
 .debug_info    0x0000000000001309      0x2a4 ./Core/Src/stm32f4xx_hal_msp.o
 .debug_info    0x00000000000015ad      0x112 ./Core/Src/stm32f4xx_it.o
 .debug_info    0x00000000000016bf      0x53e ./Core/Src/system_stm32f4xx.o
 .debug_info    0x0000000000001bfd      0x930 ./Core/Src/usart.o
 .debug_info    0x000000000000252d       0x23 ./Core/Startup/startup_stm32f401retx.o
 .debug_info    0x0000000000002550      0x8bb ./Drivers/STM32F4xx_HAL_Driver/Src/stm32f4xx_hal.o
 .debug_info    0x0000000000002e0b      0xcb0 ./Drivers/STM32F4xx_HAL_Driver/Src/stm32f4xx_hal_cortex.o
 .debug_info    0x0000000000003abb      0x6f9 ./Drivers/STM32F4xx_HAL_Driver/Src/stm32f4xx_hal_gpio.o
 .debug_info    0x00000000000041b4     0x23f2 ./Drivers/STM32F4xx_HAL_Driver/Src/stm32f4xx_hal_i2c.o
 .debug_info    0x00000000000065a6      0x8f3 ./Drivers/STM32F4xx_HAL_Driver/Src/stm32f4xx_hal_rcc.o
 .debug_info    0x0000000000006e99     0x2fbf ./Drivers/STM32F4xx_HAL_Driver/Src/stm32f4xx_hal_uart.o
 .debug_info    0x0000000000009e58     0xb200 ./lsm6dsr/lsm6dsr.o
 .debug_info    0x0000000000015058     0x1073 ./lsm6dsr/lsm6dsr_read_data.o

.debug_abbrev   0x0000000000000000     0x1e80
 .debug_abbrev  0x0000000000000000      0x151 ./Core/Src/gpio.o
 .debug_abbrev  0x0000000000000151      0x1f0 ./Core/Src/i2c.o
 .debug_abbrev  0x0000000000000341      0x1ee ./Core/Src/main.o
 .debug_abbrev  0x000000000000052f       0xf4 ./Core/Src/stm32f4xx_hal_msp.o
 .debug_abbrev  0x0000000000000623       0x73 ./Core/Src/stm32f4xx_it.o
 .debug_abbrev  0x0000000000000696      0x11a ./Core/Src/system_stm32f4xx.o
 .debug_abbrev  0x00000000000007b0      0x1f8 ./Core/Src/usart.o
 .debug_abbrev  0x00000000000009a8       0x12 ./Core/Startup/startup_stm32f401retx.o
 .debug_abbrev  0x00000000000009ba      0x24b ./Drivers/STM32F4xx_HAL_Driver/Src/stm32f4xx_hal.o
 .debug_abbrev  0x0000000000000c05      0x327 ./Drivers/STM32F4xx_HAL_Driver/Src/stm32f4xx_hal_cortex.o
 .debug_abbrev  0x0000000000000f2c      0x1d3 ./Drivers/STM32F4xx_HAL_Driver/Src/stm32f4xx_hal_gpio.o
 .debug_abbrev  0x00000000000010ff      0x2bc ./Drivers/STM32F4xx_HAL_Driver/Src/stm32f4xx_hal_i2c.o
 .debug_abbrev  0x00000000000013bb      0x2b5 ./Drivers/STM32F4xx_HAL_Driver/Src/stm32f4xx_hal_rcc.o
 .debug_abbrev  0x0000000000001670      0x31b ./Drivers/STM32F4xx_HAL_Driver/Src/stm32f4xx_hal_uart.o
 .debug_abbrev  0x000000000000198b      0x252 ./lsm6dsr/lsm6dsr.o
 .debug_abbrev  0x0000000000001bdd      0x2a3 ./lsm6dsr/lsm6dsr_read_data.o

.debug_aranges  0x0000000000000000     0x13f0
 .debug_aranges
                0x0000000000000000       0x20 ./Core/Src/gpio.o
 .debug_aranges
                0x0000000000000020       0x30 ./Core/Src/i2c.o
 .debug_aranges
                0x0000000000000050       0x30 ./Core/Src/main.o
 .debug_aranges
                0x0000000000000080       0x20 ./Core/Src/stm32f4xx_hal_msp.o
 .debug_aranges
                0x00000000000000a0       0x60 ./Core/Src/stm32f4xx_it.o
 .debug_aranges
                0x0000000000000100       0x28 ./Core/Src/system_stm32f4xx.o
 .debug_aranges
                0x0000000000000128       0x30 ./Core/Src/usart.o
 .debug_aranges
                0x0000000000000158       0x28 ./Core/Startup/startup_stm32f401retx.o
 .debug_aranges
                0x0000000000000180       0xf0 ./Drivers/STM32F4xx_HAL_Driver/Src/stm32f4xx_hal.o
 .debug_aranges
                0x0000000000000270      0x118 ./Drivers/STM32F4xx_HAL_Driver/Src/stm32f4xx_hal_cortex.o
 .debug_aranges
                0x0000000000000388       0x58 ./Drivers/STM32F4xx_HAL_Driver/Src/stm32f4xx_hal_gpio.o
 .debug_aranges
                0x00000000000003e0      0x2a0 ./Drivers/STM32F4xx_HAL_Driver/Src/stm32f4xx_hal_i2c.o
 .debug_aranges
                0x0000000000000680       0x88 ./Drivers/STM32F4xx_HAL_Driver/Src/stm32f4xx_hal_rcc.o
 .debug_aranges
                0x0000000000000708      0x200 ./Drivers/STM32F4xx_HAL_Driver/Src/stm32f4xx_hal_uart.o
 .debug_aranges
                0x0000000000000908      0xaa0 ./lsm6dsr/lsm6dsr.o
 .debug_aranges
                0x00000000000013a8       0x48 ./lsm6dsr/lsm6dsr_read_data.o

.debug_rnglists
                0x0000000000000000      0xf68
 .debug_rnglists
                0x0000000000000000       0x14 ./Core/Src/gpio.o
 .debug_rnglists
                0x0000000000000014       0x20 ./Core/Src/i2c.o
 .debug_rnglists
                0x0000000000000034       0x20 ./Core/Src/main.o
 .debug_rnglists
                0x0000000000000054       0x13 ./Core/Src/stm32f4xx_hal_msp.o
 .debug_rnglists
                0x0000000000000067       0x43 ./Core/Src/stm32f4xx_it.o
 .debug_rnglists
                0x00000000000000aa       0x1a ./Core/Src/system_stm32f4xx.o
 .debug_rnglists
                0x00000000000000c4       0x20 ./Core/Src/usart.o
 .debug_rnglists
                0x00000000000000e4       0x19 ./Core/Startup/startup_stm32f401retx.o
 .debug_rnglists
                0x00000000000000fd       0xaf ./Drivers/STM32F4xx_HAL_Driver/Src/stm32f4xx_hal.o
 .debug_rnglists
                0x00000000000001ac       0xce ./Drivers/STM32F4xx_HAL_Driver/Src/stm32f4xx_hal_cortex.o
 .debug_rnglists
                0x000000000000027a       0x3f ./Drivers/STM32F4xx_HAL_Driver/Src/stm32f4xx_hal_gpio.o
 .debug_rnglists
                0x00000000000002b9      0x235 ./Drivers/STM32F4xx_HAL_Driver/Src/stm32f4xx_hal_i2c.o
 .debug_rnglists
                0x00000000000004ee       0x66 ./Drivers/STM32F4xx_HAL_Driver/Src/stm32f4xx_hal_rcc.o
 .debug_rnglists
                0x0000000000000554      0x1b7 ./Drivers/STM32F4xx_HAL_Driver/Src/stm32f4xx_hal_uart.o
 .debug_rnglists
                0x000000000000070b      0x82b ./lsm6dsr/lsm6dsr.o
 .debug_rnglists
                0x0000000000000f36       0x32 ./lsm6dsr/lsm6dsr_read_data.o

.debug_macro    0x0000000000000000    0x16cbb
 .debug_macro   0x0000000000000000      0x1ec ./Core/Src/gpio.o
 .debug_macro   0x00000000000001ec      0xaa8 ./Core/Src/gpio.o
 .debug_macro   0x0000000000000c94      0x29b ./Core/Src/gpio.o
 .debug_macro   0x0000000000000f2f       0x2e ./Core/Src/gpio.o
 .debug_macro   0x0000000000000f5d       0x28 ./Core/Src/gpio.o
 .debug_macro   0x0000000000000f85       0x22 ./Core/Src/gpio.o
 .debug_macro   0x0000000000000fa7       0x8e ./Core/Src/gpio.o
 .debug_macro   0x0000000000001035       0x51 ./Core/Src/gpio.o
 .debug_macro   0x0000000000001086      0x103 ./Core/Src/gpio.o
 .debug_macro   0x0000000000001189       0x6a ./Core/Src/gpio.o
 .debug_macro   0x00000000000011f3      0x1df ./Core/Src/gpio.o
 .debug_macro   0x00000000000013d2       0x1c ./Core/Src/gpio.o
 .debug_macro   0x00000000000013ee       0x22 ./Core/Src/gpio.o
 .debug_macro   0x0000000000001410       0xd9 ./Core/Src/gpio.o
 .debug_macro   0x00000000000014e9     0x102d ./Core/Src/gpio.o
 .debug_macro   0x0000000000002516      0x11f ./Core/Src/gpio.o
 .debug_macro   0x0000000000002635     0xb86c ./Core/Src/gpio.o
 .debug_macro   0x000000000000dea1       0x6d ./Core/Src/gpio.o
 .debug_macro   0x000000000000df0e     0x367e ./Core/Src/gpio.o
 .debug_macro   0x000000000001158c      0x174 ./Core/Src/gpio.o
 .debug_macro   0x0000000000011700       0x5c ./Core/Src/gpio.o
 .debug_macro   0x000000000001175c      0x416 ./Core/Src/gpio.o
 .debug_macro   0x0000000000011b72      0x9fe ./Core/Src/gpio.o
 .debug_macro   0x0000000000012570      0x115 ./Core/Src/gpio.o
 .debug_macro   0x0000000000012685       0xf8 ./Core/Src/gpio.o
 .debug_macro   0x000000000001277d       0xa5 ./Core/Src/gpio.o
 .debug_macro   0x0000000000012822      0x15f ./Core/Src/gpio.o
 .debug_macro   0x0000000000012981      0x287 ./Core/Src/gpio.o
 .debug_macro   0x0000000000012c08       0x5f ./Core/Src/gpio.o
 .debug_macro   0x0000000000012c67      0x236 ./Core/Src/gpio.o
 .debug_macro   0x0000000000012e9d      0x132 ./Core/Src/gpio.o
 .debug_macro   0x0000000000012fcf      0x264 ./Core/Src/gpio.o
 .debug_macro   0x0000000000013233       0x2e ./Core/Src/gpio.o
 .debug_macro   0x0000000000013261      0x1b5 ./Core/Src/gpio.o
 .debug_macro   0x0000000000013416       0x22 ./Core/Src/gpio.o
 .debug_macro   0x0000000000013438       0xd6 ./Core/Src/gpio.o
 .debug_macro   0x000000000001350e      0x11a ./Core/Src/gpio.o
 .debug_macro   0x0000000000013628       0x85 ./Core/Src/gpio.o
 .debug_macro   0x00000000000136ad       0x89 ./Core/Src/gpio.o
 .debug_macro   0x0000000000013736      0x295 ./Core/Src/gpio.o
 .debug_macro   0x00000000000139cb      0x126 ./Core/Src/gpio.o
 .debug_macro   0x0000000000013af1       0x58 ./Core/Src/gpio.o
 .debug_macro   0x0000000000013b49      0x1ec ./Core/Src/i2c.o
 .debug_macro   0x0000000000013d35      0x2d0 ./Core/Src/main.o
 .debug_macro   0x0000000000014005       0x61 ./Core/Src/main.o
 .debug_macro   0x0000000000014066       0x2a ./Core/Src/main.o
 .debug_macro   0x0000000000014090       0x43 ./Core/Src/main.o
 .debug_macro   0x00000000000140d3       0x34 ./Core/Src/main.o
 .debug_macro   0x0000000000014107       0x16 ./Core/Src/main.o
 .debug_macro   0x000000000001411d       0x43 ./Core/Src/main.o
 .debug_macro   0x0000000000014160       0x34 ./Core/Src/main.o
 .debug_macro   0x0000000000014194       0x10 ./Core/Src/main.o
 .debug_macro   0x00000000000141a4       0x58 ./Core/Src/main.o
 .debug_macro   0x00000000000141fc       0x8e ./Core/Src/main.o
 .debug_macro   0x000000000001428a       0x1c ./Core/Src/main.o
 .debug_macro   0x00000000000142a6      0x177 ./Core/Src/main.o
 .debug_macro   0x000000000001441d      0x369 ./Core/Src/main.o
 .debug_macro   0x0000000000014786      0x19b ./Core/Src/main.o
 .debug_macro   0x0000000000014921      0x576 ./Core/Src/main.o
 .debug_macro   0x0000000000014e97      0x1e2 ./Core/Src/stm32f4xx_hal_msp.o
 .debug_macro   0x0000000000015079      0x1ec ./Core/Src/stm32f4xx_it.o
 .debug_macro   0x0000000000015265      0x1d3 ./Core/Src/system_stm32f4xx.o
 .debug_macro   0x0000000000015438      0x1ec ./Core/Src/usart.o
 .debug_macro   0x0000000000015624      0x233 ./Drivers/STM32F4xx_HAL_Driver/Src/stm32f4xx_hal.o
 .debug_macro   0x0000000000015857      0x1d3 ./Drivers/STM32F4xx_HAL_Driver/Src/stm32f4xx_hal_cortex.o
 .debug_macro   0x0000000000015a2a      0x1d9 ./Drivers/STM32F4xx_HAL_Driver/Src/stm32f4xx_hal_gpio.o
 .debug_macro   0x0000000000015c03      0x21a ./Drivers/STM32F4xx_HAL_Driver/Src/stm32f4xx_hal_i2c.o
 .debug_macro   0x0000000000015e1d      0x1f7 ./Drivers/STM32F4xx_HAL_Driver/Src/stm32f4xx_hal_rcc.o
 .debug_macro   0x0000000000016014      0x1d4 ./Drivers/STM32F4xx_HAL_Driver/Src/stm32f4xx_hal_uart.o
 .debug_macro   0x00000000000161e8      0x126 ./lsm6dsr/lsm6dsr.o
 .debug_macro   0x000000000001630e      0x57d ./lsm6dsr/lsm6dsr.o
 .debug_macro   0x000000000001688b      0x336 ./lsm6dsr/lsm6dsr_read_data.o
 .debug_macro   0x0000000000016bc1       0x10 ./lsm6dsr/lsm6dsr_read_data.o
 .debug_macro   0x0000000000016bd1       0x20 ./lsm6dsr/lsm6dsr_read_data.o
 .debug_macro   0x0000000000016bf1       0x1c ./lsm6dsr/lsm6dsr_read_data.o
 .debug_macro   0x0000000000016c0d       0x50 ./lsm6dsr/lsm6dsr_read_data.o
 .debug_macro   0x0000000000016c5d       0x5e ./lsm6dsr/lsm6dsr_read_data.o

.debug_line     0x0000000000000000    0x12374
 .debug_line    0x0000000000000000      0x760 ./Core/Src/gpio.o
 .debug_line    0x0000000000000760      0x7b0 ./Core/Src/i2c.o
 .debug_line    0x0000000000000f10      0x95a ./Core/Src/main.o
 .debug_line    0x000000000000186a      0x748 ./Core/Src/stm32f4xx_hal_msp.o
 .debug_line    0x0000000000001fb2      0x809 ./Core/Src/stm32f4xx_it.o
 .debug_line    0x00000000000027bb      0x7c8 ./Core/Src/system_stm32f4xx.o
 .debug_line    0x0000000000002f83      0x7b0 ./Core/Src/usart.o
 .debug_line    0x0000000000003733       0x7a ./Core/Startup/startup_stm32f401retx.o
 .debug_line    0x00000000000037ad      0xa2e ./Drivers/STM32F4xx_HAL_Driver/Src/stm32f4xx_hal.o
 .debug_line    0x00000000000041db      0xcdd ./Drivers/STM32F4xx_HAL_Driver/Src/stm32f4xx_hal_cortex.o
 .debug_line    0x0000000000004eb8      0xb66 ./Drivers/STM32F4xx_HAL_Driver/Src/stm32f4xx_hal_gpio.o
 .debug_line    0x0000000000005a1e     0x39f0 ./Drivers/STM32F4xx_HAL_Driver/Src/stm32f4xx_hal_i2c.o
 .debug_line    0x000000000000940e      0xda7 ./Drivers/STM32F4xx_HAL_Driver/Src/stm32f4xx_hal_rcc.o
 .debug_line    0x000000000000a1b5     0x2ad0 ./Drivers/STM32F4xx_HAL_Driver/Src/stm32f4xx_hal_uart.o
 .debug_line    0x000000000000cc85     0x4cc3 ./lsm6dsr/lsm6dsr.o
 .debug_line    0x0000000000011948      0xa2c ./lsm6dsr/lsm6dsr_read_data.o

.debug_str      0x0000000000000000    0x8ea6f
 .debug_str     0x0000000000000000    0x80846 ./Core/Src/gpio.o
                                      0x80ad0 (size before relaxing)
 .debug_str     0x0000000000080846      0x540 ./Core/Src/i2c.o
                                      0x81004 (size before relaxing)
 .debug_str     0x0000000000080d86     0x4f4b ./Core/Src/main.o
                                      0x859cb (size before relaxing)
 .debug_str     0x0000000000085cd1       0x49 ./Core/Src/stm32f4xx_hal_msp.o
                                      0x80a22 (size before relaxing)
 .debug_str     0x0000000000085d1a       0xc9 ./Core/Src/stm32f4xx_it.o
                                      0x80979 (size before relaxing)
 .debug_str     0x0000000000085de3       0xdb ./Core/Src/system_stm32f4xx.o
                                      0x8098f (size before relaxing)
 .debug_str     0x0000000000085ebe      0x20c ./Core/Src/usart.o
                                      0x80f65 (size before relaxing)
 .debug_str     0x00000000000860ca       0x34 ./Core/Startup/startup_stm32f401retx.o
                                         0x6e (size before relaxing)
 .debug_str     0x00000000000860fe      0x991 ./Drivers/STM32F4xx_HAL_Driver/Src/stm32f4xx_hal.o
                                      0x813b1 (size before relaxing)
 .debug_str     0x0000000000086a8f      0x34b ./Drivers/STM32F4xx_HAL_Driver/Src/stm32f4xx_hal_cortex.o
                                      0x810d2 (size before relaxing)
 .debug_str     0x0000000000086dda      0x11c ./Drivers/STM32F4xx_HAL_Driver/Src/stm32f4xx_hal_gpio.o
                                      0x80b0a (size before relaxing)
 .debug_str     0x0000000000086ef6      0xb14 ./Drivers/STM32F4xx_HAL_Driver/Src/stm32f4xx_hal_i2c.o
                                      0x8194d (size before relaxing)
 .debug_str     0x0000000000087a0a      0x213 ./Drivers/STM32F4xx_HAL_Driver/Src/stm32f4xx_hal_rcc.o
                                      0x80dc3 (size before relaxing)
 .debug_str     0x0000000000087c1d      0x603 ./Drivers/STM32F4xx_HAL_Driver/Src/stm32f4xx_hal_uart.o
                                      0x81350 (size before relaxing)
 .debug_str     0x0000000000088220     0x6058 ./lsm6dsr/lsm6dsr.o
                                       0xee9a (size before relaxing)
 .debug_str     0x000000000008e278      0x7f7 ./lsm6dsr/lsm6dsr_read_data.o
                                      0x86e16 (size before relaxing)

.debug_frame    0x0000000000000000     0x5538
 .debug_frame   0x0000000000000000       0x34 ./Core/Src/gpio.o
 .debug_frame   0x0000000000000034       0x74 ./Core/Src/i2c.o
 .debug_frame   0x00000000000000a8       0x6c ./Core/Src/main.o
 .debug_frame   0x0000000000000114       0x34 ./Core/Src/stm32f4xx_hal_msp.o
 .debug_frame   0x0000000000000148      0x104 ./Core/Src/stm32f4xx_it.o
 .debug_frame   0x000000000000024c       0x58 ./Core/Src/system_stm32f4xx.o
 .debug_frame   0x00000000000002a4       0x74 ./Core/Src/usart.o
 .debug_frame   0x0000000000000318      0x374 ./Drivers/STM32F4xx_HAL_Driver/Src/stm32f4xx_hal.o
 .debug_frame   0x000000000000068c      0x498 ./Drivers/STM32F4xx_HAL_Driver/Src/stm32f4xx_hal_cortex.o
 .debug_frame   0x0000000000000b24      0x14c ./Drivers/STM32F4xx_HAL_Driver/Src/stm32f4xx_hal_gpio.o
 .debug_frame   0x0000000000000c70      0xc5c ./Drivers/STM32F4xx_HAL_Driver/Src/stm32f4xx_hal_i2c.o
 .debug_frame   0x00000000000018cc      0x1f4 ./Drivers/STM32F4xx_HAL_Driver/Src/stm32f4xx_hal_rcc.o
 .debug_frame   0x0000000000001ac0      0x92c ./Drivers/STM32F4xx_HAL_Driver/Src/stm32f4xx_hal_uart.o
 .debug_frame   0x00000000000023ec     0x2fbc ./lsm6dsr/lsm6dsr.o
 .debug_frame   0x00000000000053a8       0xe4 ./lsm6dsr/lsm6dsr_read_data.o
 .debug_frame   0x000000000000548c       0x20 C:/ST/STM32CubeIDE_1.13.2/STM32CubeIDE/plugins/com.st.stm32cube.ide.mcu.externaltools.gnu-tools-for-stm32.11.3.rel1.win32_1.1.1.202309131626/tools/bin/../lib/gcc/arm-none-eabi/11.3.1/../../../../arm-none-eabi/lib/thumb/v7e-m+fp/hard\libc_nano.a(libc_a-memset.o)
 .debug_frame   0x00000000000054ac       0x2c C:/ST/STM32CubeIDE_1.13.2/STM32CubeIDE/plugins/com.st.stm32cube.ide.mcu.externaltools.gnu-tools-for-stm32.11.3.rel1.win32_1.1.1.202309131626/tools/bin/../lib/gcc/arm-none-eabi/11.3.1/../../../../arm-none-eabi/lib/thumb/v7e-m+fp/hard\libc_nano.a(libc_a-init.o)
 .debug_frame   0x00000000000054d8       0x2c C:/ST/STM32CubeIDE_1.13.2/STM32CubeIDE/plugins/com.st.stm32cube.ide.mcu.externaltools.gnu-tools-for-stm32.11.3.rel1.win32_1.1.1.202309131626/tools/bin/../lib/gcc/arm-none-eabi/11.3.1/thumb/v7e-m+fp/hard\libgcc.a(_aeabi_uldivmod.o)
 .debug_frame   0x0000000000005504       0x34 C:/ST/STM32CubeIDE_1.13.2/STM32CubeIDE/plugins/com.st.stm32cube.ide.mcu.externaltools.gnu-tools-for-stm32.11.3.rel1.win32_1.1.1.202309131626/tools/bin/../lib/gcc/arm-none-eabi/11.3.1/thumb/v7e-m+fp/hard\libgcc.a(_udivmoddi4.o)

.debug_line_str
                0x0000000000000000       0x62
 .debug_line_str
                0x0000000000000000       0x62 ./Core/Startup/startup_stm32f401retx.o
                                         0x7a (size before relaxing)
